ahasfkajsbadvskjahbss
asfgasdgafsadsf
asdfsasdsfasds

sdfsfgbdbvxz


xzcvdfvx343

dsa
34r
